2026-07-31 12:10:32.723
            INFO 
            [main]
            Main
            -
            Application Started
2026-07-31 12:10:32.856
            INFO 
            [main]
            Main
            -
            Starting Main using Java 17.0.12 with PID 53710 (/Users/zopsmart/IdeaProjects/zs-java-assignments-garvmadan/build/classes/java/main started by zopsmart in /Users/zopsmart/IdeaProjects/zs-java-assignments-garvmadan)
2026-07-31 12:10:32.858
            INFO 
            [main]
            Main
            -
            No active profile set, falling back to 1 default profile: "default"
2026-07-31 12:10:33.041
            INFO 
            [main]
            RepositoryConfigurationDelegate
            -
            Bootstrapping Spring Data JPA repositories in DEFAULT mode.
2026-07-31 12:10:33.049
            INFO 
            [main]
            RepositoryConfigurationDelegate
            -
            Finished Spring Data repository scanning in 4 ms. Found 0 JPA repository interfaces.
2026-07-31 12:10:33.186
            INFO 
            [main]
            TomcatWebServer
            -
            Tomcat initialized with port 8080 (http)
2026-07-31 12:10:33.207
            INFO 
            [main]
            WebApplicationContextInitializer
            -
            Root WebApplicationContext: initialization completed in 329 ms
2026-07-31 12:10:33.228
            WARN 
            [main]
            AnnotationConfigServletWebServerApplicationContext
            -
            Exception encountered during context initialization - cancelling refresh attempt: org.springframework.beans.factory.BeanCreationException: Error creating bean with name 'entityManagerFactory' defined in class path resource [org/springframework/boot/hibernate/autoconfigure/HibernateJpaConfiguration.class]: Failed to initialize dependency 'dataSourceScriptDatabaseInitializer' of LoadTimeWeaverAware bean 'entityManagerFactory': Error creating bean with name 'dataSourceScriptDatabaseInitializer' defined in class path resource [org/springframework/boot/jdbc/autoconfigure/DataSourceInitializationAutoConfiguration.class]: Unsatisfied dependency expressed through method 'dataSourceScriptDatabaseInitializer' parameter 0: Error creating bean with name 'dataSource' defined in class path resource [org/springframework/boot/jdbc/autoconfigure/DataSourceConfiguration$Hikari.class]: Failed to instantiate [com.zaxxer.hikari.HikariDataSource]: Factory method 'dataSource' threw exception with message: Failed to determine a suitable driver class
2026-07-31 12:10:33.234
            INFO 
            [main]
            ConditionEvaluationReportLogger
            -
            

Error starting ApplicationContext. To display the condition evaluation report re-run your application with 'debug' enabled.
2026-07-31 12:10:33.237
            ERROR
            [main]
            LoggingFailureAnalysisReporter
            -
            

***************************
APPLICATION FAILED TO START
***************************

Description:

Failed to configure a DataSource: 'url' attribute is not specified and no embedded datasource could be configured.

Reason: Failed to determine a suitable driver class


Action:

Consider the following:
	If you want an embedded database (H2, HSQL or Derby), please put it on the classpath.
	If you have database settings to be loaded from a particular profile you may need to activate it (no profiles are currently active).

2026-07-31 12:14:25.810
            INFO 
            [main]
            Main
            -
            Application Started
2026-07-31 12:14:25.953
            INFO 
            [main]
            Main
            -
            Starting Main using Java 17.0.12 with PID 53879 (/Users/zopsmart/IdeaProjects/zs-java-assignments-garvmadan/build/classes/java/main started by zopsmart in /Users/zopsmart/IdeaProjects/zs-java-assignments-garvmadan)
2026-07-31 12:14:25.953
            INFO 
            [main]
            Main
            -
            No active profile set, falling back to 1 default profile: "default"
2026-07-31 12:14:25.992
            INFO 
            [background-preinit]
            Version
            -
            HV000001: Hibernate Validator 9.1.0.Final
2026-07-31 12:14:26.129
            INFO 
            [main]
            RepositoryConfigurationDelegate
            -
            Bootstrapping Spring Data JPA repositories in DEFAULT mode.
2026-07-31 12:14:26.137
            INFO 
            [main]
            RepositoryConfigurationDelegate
            -
            Finished Spring Data repository scanning in 4 ms. Found 0 JPA repository interfaces.
2026-07-31 12:14:26.269
            INFO 
            [main]
            TomcatWebServer
            -
            Tomcat initialized with port 8080 (http)
2026-07-31 12:14:26.274
            INFO 
            [main]
            Http11NioProtocol
            -
            Initializing ProtocolHandler ["http-nio-8080"]
2026-07-31 12:14:26.274
            INFO 
            [main]
            StandardService
            -
            Starting service [Tomcat]
2026-07-31 12:14:26.274
            INFO 
            [main]
            StandardEngine
            -
            Starting Servlet engine: [Apache Tomcat/11.0.22]
2026-07-31 12:14:26.288
            INFO 
            [main]
            WebApplicationContextInitializer
            -
            Root WebApplicationContext: initialization completed in 323 ms
2026-07-31 12:14:26.346
            INFO 
            [main]
            jpa
            -
            HHH008540: Processing PersistenceUnitInfo [name: default]
2026-07-31 12:14:26.369
            INFO 
            [main]
            core
            -
            HHH000001: Hibernate ORM core version 7.4.1.Final
2026-07-31 12:14:26.524
            INFO 
            [main]
            SpringPersistenceUnitInfo
            -
            No LoadTimeWeaver setup: ignoring JPA class transformer
2026-07-31 12:14:26.535
            INFO 
            [main]
            HikariDataSource
            -
            HikariPool-1 - Starting...
2026-07-31 12:14:26.599
            INFO 
            [main]
            HikariPool
            -
            HikariPool-1 - Added connection org.postgresql.jdbc.PgConnection@319aa9ee
2026-07-31 12:14:26.600
            INFO 
            [main]
            HikariDataSource
            -
            HikariPool-1 - Start completed.
2026-07-31 12:14:26.631
            INFO 
            [main]
            pooling
            -
            HHH10001005: Database info:
	Database JDBC URL [jdbc:postgresql://localhost:5432/productdb]
	Database driver: PostgreSQL JDBC Driver
	Database dialect: PostgreSQLDialect
	Database version: 17.10
	Default catalog/schema: productdb/public
	Autocommit mode: undefined/unknown
	Isolation level: READ_COMMITTED [default READ_COMMITTED]
	JDBC fetch size: none
	Pool: DataSourceConnectionProvider
	Minimum pool size: undefined/unknown
	Maximum pool size: undefined/unknown
2026-07-31 12:14:26.766
            INFO 
            [main]
            core
            -
            HHH000489: No JTA platform available (set 'hibernate.transaction.jta.platform' to enable JTA platform integration)
2026-07-31 12:14:26.791
            INFO 
            [main]
            LocalContainerEntityManagerFactoryBean
            -
            Initialized JPA EntityManagerFactory for persistence unit 'default'
2026-07-31 12:14:26.808
            WARN 
            [main]
            JpaBaseConfiguration$JpaWebConfiguration
            -
            spring.jpa.open-in-view is enabled by default. Therefore, database queries may be performed during view rendering. Explicitly configure spring.jpa.open-in-view to disable this warning
2026-07-31 12:14:26.909
            INFO 
            [main]
            Http11NioProtocol
            -
            Starting ProtocolHandler ["http-nio-8080"]
2026-07-31 12:14:26.915
            INFO 
            [main]
            TomcatWebServer
            -
            Tomcat started on port 8080 (http) with context path '/'
2026-07-31 12:14:26.917
            INFO 
            [main]
            Main
            -
            Started Main in 1.078 seconds (process running for 1.286)
2026-07-31 12:15:45.667
            INFO 
            [http-nio-8080-exec-1]
            [/]
            -
            Initializing Spring DispatcherServlet 'dispatcherServlet'
2026-07-31 12:15:45.668
            INFO 
            [http-nio-8080-exec-1]
            DispatcherServlet
            -
            Initializing Servlet 'dispatcherServlet'
2026-07-31 12:15:45.670
            INFO 
            [http-nio-8080-exec-1]
            DispatcherServlet
            -
            Completed initialization in 2 ms
2026-07-31 12:17:35.497
            INFO 
            [http-nio-8080-exec-7]
            HelloController
            -
            Hello World API recieved 
2026-07-31 12:29:33.406
            WARN 
            [HikariPool-1:housekeeper]
            HikariPool
            -
            HikariPool-1 - Thread starvation or clock leap detected (housekeeper delta=1m6s594ms).
2026-07-31 12:30:29.001
            WARN 
            [HikariPool-1:housekeeper]
            HikariPool
            -
            HikariPool-1 - Thread starvation or clock leap detected (housekeeper delta=55s596ms).
2026-07-31 12:33:56.335
            WARN 
            [HikariPool-1:housekeeper]
            HikariPool
            -
            HikariPool-1 - Thread starvation or clock leap detected (housekeeper delta=2m57s327ms).
2026-07-31 12:53:59.887
            WARN 
            [HikariPool-1:housekeeper]
            HikariPool
            -
            HikariPool-1 - Thread starvation or clock leap detected (housekeeper delta=7m33s455ms).
2026-07-31 12:57:34.374
            WARN 
            [HikariPool-1:housekeeper]
            HikariPool
            -
            HikariPool-1 - Thread starvation or clock leap detected (housekeeper delta=2m4s455ms).
2026-07-31 13:08:57.114
            INFO 
            [SpringApplicationShutdownHook]
            GracefulShutdown
            -
            Commencing graceful shutdown. Waiting for active requests to complete
2026-07-31 13:08:57.118
            INFO 
            [tomcat-shutdown]
            GracefulShutdown
            -
            Graceful shutdown complete
2026-07-31 13:08:57.121
            INFO 
            [SpringApplicationShutdownHook]
            LocalContainerEntityManagerFactoryBean
            -
            Closing JPA EntityManagerFactory for persistence unit 'default'
2026-07-31 13:08:57.122
            INFO 
            [SpringApplicationShutdownHook]
            HikariDataSource
            -
            HikariPool-1 - Shutdown initiated...
2026-07-31 13:08:57.123
            INFO 
            [SpringApplicationShutdownHook]
            HikariDataSource
            -
            HikariPool-1 - Shutdown completed.
